
════════════════════════════════════════════════════════════
  AutoCensor  |  Сессия начата: 2026-04-22 21:18:26
════════════════════════════════════════════════════════════
21:18:26.107  [INFO   ]  MainForm: инициализация.
21:18:26.257  [INFO   ]  MainForm: готов.
21:19:46.446  [WARN   ]  Drag-drop: неподдерживаемый формат: .doc
21:20:59.879  [INFO   ]  Drag-drop принят: C:\Users\Harry Potter\OneDrive\Desktop\Текстовый документ.txt
21:20:59.889  [INFO   ]  Чтение файла: C:\Users\Harry Potter\OneDrive\Desktop\Текстовый документ.txt
21:20:59.950  [INFO   ]  Файл прочитан. Длина: 52 символов.
21:21:08.727  [INFO   ]  Чтение файла: C:\Users\Harry Potter\OneDrive\Desktop\Текстовый документ.txt
21:21:08.731  [INFO   ]  Файл прочитан. Длина: 52 символов.
21:21:08.774  [INFO   ]  Цензура запущена. Слов в списке: 1. Длина текста: 52 символов.
21:21:08.841  [SUCCESS]  Цензура завершена. Замен: 4. Время: 0,07s.
21:21:08.844  [INFO   ]    [   4x]  «Как»
21:21:08.865  [SUCCESS]  UI обновлён. Замен: 4.
21:21:20.823  [SUCCESS]  Результат сохранён: C:\Users\Harry Potter\OneDrive\Desktop\result.txt
21:21:20.823  [INFO   ]  Чтение файла: C:\Users\Harry Potter\OneDrive\Desktop\Текстовый документ.txt
21:21:20.825  [INFO   ]  Файл прочитан. Длина: 52 символов.
21:21:20.830  [INFO   ]  Сформирован отчёт:
21:21:20.830  [INFO   ]  ══════════════════════════════════════════════════════
21:21:20.830  [INFO   ]    AUTOCENSOR — ОТЧЁТ ОБ ОБРАБОТКЕ
21:21:20.830  [INFO   ]    Дата:        2026-04-22 21:21:20
21:21:20.830  [INFO   ]  ──────────────────────────────────────────────────────
21:21:20.830  [INFO   ]    Источник:    C:\Users\Harry Potter\OneDrive\Desktop\Текстовый документ.txt
21:21:20.830  [INFO   ]    Результат:   result.txt
21:21:20.830  [INFO   ]  ──────────────────────────────────────────────────────
21:21:20.830  [INFO   ]    Символов вх:         52
21:21:20.830  [INFO   ]    Символов вых:        52
21:21:20.830  [INFO   ]    Замен:                4
21:21:20.830  [INFO   ]    Время:           0,000 с
21:21:20.830  [INFO   ]  ──────────────────────────────────────────────────────
21:21:20.830  [INFO   ]    Замен не произведено.
21:21:20.830  [INFO   ]  ══════════════════════════════════════════════════════

════════════════════════════════════════════════════════════
  AutoCensor  |  Сессия начата: 2026-04-23 11:36:42
════════════════════════════════════════════════════════════
11:36:42.239  [INFO   ]  MainForm: инициализация.
11:36:42.407  [INFO   ]  MainForm: готов.
11:36:45.018  [INFO   ]  Drag-drop принят: C:\Users\Harry Potter\OneDrive\Desktop\Текстовый документ.txt
11:36:45.023  [INFO   ]  Чтение файла: C:\Users\Harry Potter\OneDrive\Desktop\Текстовый документ.txt
11:36:45.046  [INFO   ]  Файл прочитан. Длина: 52 символов.
11:36:52.584  [INFO   ]  Чтение файла: C:\Users\Harry Potter\OneDrive\Desktop\Текстовый документ.txt
11:36:52.587  [INFO   ]  Файл прочитан. Длина: 52 символов.
11:36:52.619  [INFO   ]  Цензура запущена. Слов в списке: 1. Длина текста: 52 символов.
11:36:52.671  [SUCCESS]  Цензура завершена. Замен: 4. Время: 0,05s.
11:36:52.674  [INFO   ]    [   4x]  «Как»
11:36:52.693  [SUCCESS]  UI обновлён. Замен: 4.
11:37:08.260  [SUCCESS]  Результат сохранён: C:\Users\Harry Potter\OneDrive\Desktop\resu86lt.txt
11:37:08.260  [INFO   ]  Чтение файла: C:\Users\Harry Potter\OneDrive\Desktop\Текстовый документ.txt
11:37:08.269  [INFO   ]  Файл прочитан. Длина: 52 символов.
11:37:08.272  [INFO   ]  Сформирован отчёт:
11:37:08.272  [INFO   ]  ══════════════════════════════════════════════════════
11:37:08.272  [INFO   ]    AUTOCENSOR — ОТЧЁТ ОБ ОБРАБОТКЕ
11:37:08.272  [INFO   ]    Дата:        2026-04-23 11:37:08
11:37:08.272  [INFO   ]  ──────────────────────────────────────────────────────
11:37:08.272  [INFO   ]    Источник:    C:\Users\Harry Potter\OneDrive\Desktop\Текстовый документ.txt
11:37:08.272  [INFO   ]    Результат:   result.txt
11:37:08.272  [INFO   ]  ──────────────────────────────────────────────────────
11:37:08.272  [INFO   ]    Символов вх:         52
11:37:08.272  [INFO   ]    Символов вых:        52
11:37:08.272  [INFO   ]    Замен:                4
11:37:08.272  [INFO   ]    Время:           0,000 с
11:37:08.272  [INFO   ]  ──────────────────────────────────────────────────────
11:37:08.272  [INFO   ]    Замен не произведено.
11:37:08.272  [INFO   ]  ══════════════════════════════════════════════════════

════════════════════════════════════════════════════════════
  AutoCensor  |  Сессия начата: 2026-04-23 11:43:15
════════════════════════════════════════════════════════════
11:43:15.852  [INFO   ]  MainForm: инициализация.
11:43:16.010  [INFO   ]  MainForm: готов.

════════════════════════════════════════════════════════════
  AutoCensor  |  Сессия начата: 2026-04-23 11:45:16
════════════════════════════════════════════════════════════
11:45:16.927  [INFO   ]  MainForm: инициализация.
11:45:17.090  [INFO   ]  MainForm: готов.

════════════════════════════════════════════════════════════
  AutoCensor  |  Сессия начата: 2026-04-23 11:46:08
════════════════════════════════════════════════════════════
11:46:08.887  [INFO   ]  MainForm: инициализация.
11:46:09.042  [INFO   ]  MainForm: готов.

════════════════════════════════════════════════════════════
  AutoCensor  |  Сессия начата: 2026-04-23 11:47:20
════════════════════════════════════════════════════════════
11:47:20.627  [INFO   ]  MainForm: инициализация.
11:47:20.782  [INFO   ]  MainForm: готов.

════════════════════════════════════════════════════════════
  AutoCensor  |  Сессия начата: 2026-04-23 11:47:41
════════════════════════════════════════════════════════════
11:47:41.537  [INFO   ]  MainForm: инициализация.
11:47:41.651  [INFO   ]  MainForm: готов.

════════════════════════════════════════════════════════════
  AutoCensor  |  Сессия начата: 2026-04-23 11:47:53
════════════════════════════════════════════════════════════
11:47:53.800  [INFO   ]  MainForm: инициализация.
11:47:53.956  [INFO   ]  MainForm: готов.

════════════════════════════════════════════════════════════
  AutoCensor  |  Сессия начата: 2026-04-23 11:48:29
════════════════════════════════════════════════════════════
11:48:29.801  [INFO   ]  MainForm: инициализация.
11:48:29.950  [INFO   ]  MainForm: готов.
11:48:49.749  [INFO   ]  Drag-drop принят: C:\Users\Harry Potter\OneDrive\Desktop\Текстовый документ.txt
11:48:49.769  [INFO   ]  Чтение файла: C:\Users\Harry Potter\OneDrive\Desktop\Текстовый документ.txt
11:48:49.808  [INFO   ]  Файл прочитан. Длина: 52 символов.
11:48:56.715  [INFO   ]  Чтение файла: C:\Users\Harry Potter\OneDrive\Desktop\Текстовый документ.txt
11:48:56.717  [INFO   ]  Чтение файла: C:\Users\Harry Potter\OneDrive\Desktop\Текстовый документ.txt
11:48:56.719  [INFO   ]  Файл прочитан. Длина: 52 символов.
11:48:56.747  [INFO   ]  Цензура запущена. Слов в списке: 1. Длина текста: 52 символов.
11:48:56.786  [INFO   ]  Файл прочитан. Длина: 52 символов.
11:48:56.786  [INFO   ]  Цензура запущена. Слов в списке: 1. Длина текста: 52 символов.
11:48:56.799  [SUCCESS]  Цензура завершена. Замен: 4. Время: 0,01s.
11:48:56.802  [INFO   ]    [   4x]  «как»
11:48:56.815  [SUCCESS]  UI обновлён. Замен: 4.
11:48:56.819  [SUCCESS]  Цензура завершена. Замен: 4. Время: 0,07s.
11:48:56.819  [INFO   ]    [   4x]  «как»
11:48:56.819  [SUCCESS]  UI обновлён. Замен: 4.

════════════════════════════════════════════════════════════
  AutoCensor  |  Сессия начата: 2026-04-23 11:49:12
════════════════════════════════════════════════════════════
11:49:12.166  [INFO   ]  MainForm: инициализация.
11:49:12.292  [INFO   ]  MainForm: готов.
11:49:25.777  [INFO   ]  Drag-drop принят: C:\Users\Harry Potter\OneDrive\Desktop\Текстовый документ.txt
11:49:25.784  [INFO   ]  Чтение файла: C:\Users\Harry Potter\OneDrive\Desktop\Текстовый документ.txt
11:49:25.805  [INFO   ]  Файл прочитан. Длина: 52 символов.
11:49:30.919  [INFO   ]  Чтение файла: C:\Users\Harry Potter\OneDrive\Desktop\Текстовый документ.txt
11:49:30.921  [INFO   ]  Чтение файла: C:\Users\Harry Potter\OneDrive\Desktop\Текстовый документ.txt
11:49:30.922  [INFO   ]  Файл прочитан. Длина: 52 символов.
11:49:30.956  [INFO   ]  Цензура запущена. Слов в списке: 1. Длина текста: 52 символов.
11:49:30.987  [INFO   ]  Файл прочитан. Длина: 52 символов.
11:49:30.987  [INFO   ]  Цензура запущена. Слов в списке: 1. Длина текста: 52 символов.
11:49:31.000  [SUCCESS]  Цензура завершена. Замен: 4. Время: 0,01s.
11:49:31.003  [INFO   ]    [   4x]  «как»
11:49:31.013  [SUCCESS]  UI обновлён. Замен: 4.
11:49:31.018  [SUCCESS]  Цензура завершена. Замен: 4. Время: 0,06s.
11:49:31.019  [INFO   ]    [   4x]  «как»
11:49:31.019  [SUCCESS]  UI обновлён. Замен: 4.

════════════════════════════════════════════════════════════
  AutoCensor  |  Сессия начата: 2026-04-23 11:49:52
════════════════════════════════════════════════════════════
11:49:52.918  [INFO   ]  MainForm: инициализация.
11:49:53.026  [INFO   ]  MainForm: готов.
11:50:19.741  [INFO   ]  Drag-drop принят: C:\Users\Harry Potter\OneDrive\Desktop\оароав.txt
11:50:19.747  [INFO   ]  Чтение файла: C:\Users\Harry Potter\OneDrive\Desktop\оароав.txt
11:50:19.782  [INFO   ]  Файл прочитан. Длина: 52 символов.
11:50:23.061  [INFO   ]  Drag-drop принят: C:\Users\Harry Potter\OneDrive\Desktop\оароав.txt
11:50:23.061  [INFO   ]  Чтение файла: C:\Users\Harry Potter\OneDrive\Desktop\оароав.txt
11:50:23.064  [INFO   ]  Файл прочитан. Длина: 52 символов.
11:50:29.255  [INFO   ]  Чтение файла: C:\Users\Harry Potter\OneDrive\Desktop\оароав.txt
11:50:29.257  [INFO   ]  Чтение файла: C:\Users\Harry Potter\OneDrive\Desktop\оароав.txt
11:50:29.264  [INFO   ]  Файл прочитан. Длина: 52 символов.
11:50:29.304  [INFO   ]  Цензура запущена. Слов в списке: 1. Длина текста: 52 символов.
11:50:29.346  [INFO   ]  Файл прочитан. Длина: 52 символов.
11:50:29.346  [INFO   ]  Цензура запущена. Слов в списке: 1. Длина текста: 52 символов.
11:50:29.364  [SUCCESS]  Цензура завершена. Замен: 4. Время: 0,02s.
11:50:29.368  [INFO   ]    [   4x]  «Как»
11:50:29.380  [SUCCESS]  UI обновлён. Замен: 4.
11:50:29.383  [SUCCESS]  Цензура завершена. Замен: 4. Время: 0,08s.
11:50:29.383  [INFO   ]    [   4x]  «Как»
11:50:29.383  [SUCCESS]  UI обновлён. Замен: 4.

════════════════════════════════════════════════════════════
  AutoCensor  |  Сессия начата: 2026-04-23 11:50:53
════════════════════════════════════════════════════════════
11:50:53.070  [INFO   ]  MainForm: инициализация.
11:50:53.239  [INFO   ]  MainForm: готов.
11:50:58.809  [INFO   ]  Drag-drop принят: C:\Users\Harry Potter\OneDrive\Desktop\оароав.txt
11:50:58.815  [INFO   ]  Чтение файла: C:\Users\Harry Potter\OneDrive\Desktop\оароав.txt
11:50:58.837  [INFO   ]  Файл прочитан. Длина: 52 символов.
11:51:03.360  [INFO   ]  Чтение файла: C:\Users\Harry Potter\OneDrive\Desktop\оароав.txt
11:51:03.361  [INFO   ]  Чтение файла: C:\Users\Harry Potter\OneDrive\Desktop\оароав.txt
11:51:03.362  [INFO   ]  Файл прочитан. Длина: 52 символов.
11:51:03.409  [INFO   ]  Цензура запущена. Слов в списке: 1. Длина текста: 52 символов.
11:51:03.444  [INFO   ]  Файл прочитан. Длина: 52 символов.
11:51:03.445  [INFO   ]  Цензура запущена. Слов в списке: 1. Длина текста: 52 символов.
11:51:03.463  [SUCCESS]  Цензура завершена. Замен: 4. Время: 0,05s.
11:51:03.465  [INFO   ]    [   4x]  «Как»
11:51:03.476  [SUCCESS]  UI обновлён. Замен: 4.
11:51:03.484  [SUCCESS]  Цензура завершена. Замен: 4. Время: 0,04s.
11:51:03.484  [INFO   ]    [   4x]  «Как»
11:51:03.484  [SUCCESS]  UI обновлён. Замен: 4.

════════════════════════════════════════════════════════════
  AutoCensor  |  Сессия начата: 2026-04-23 11:51:33
════════════════════════════════════════════════════════════
11:51:33.826  [INFO   ]  MainForm: инициализация.
11:51:33.973  [INFO   ]  MainForm: готов.
11:51:45.595  [INFO   ]  Drag-drop принят: C:\Users\Harry Potter\OneDrive\Desktop\оароав.txt
11:51:45.601  [INFO   ]  Чтение файла: C:\Users\Harry Potter\OneDrive\Desktop\оароав.txt
11:51:45.620  [INFO   ]  Файл прочитан. Длина: 52 символов.
11:51:53.572  [INFO   ]  Чтение файла: C:\Users\Harry Potter\OneDrive\Desktop\оароав.txt
11:51:53.574  [INFO   ]  Файл прочитан. Длина: 52 символов.
11:51:53.604  [INFO   ]  Цензура запущена. Слов в списке: 1. Длина текста: 52 символов.
11:51:53.654  [SUCCESS]  Цензура завершена. Замен: 4. Время: 0,05s.
11:51:53.657  [INFO   ]    [   4x]  «Как»
11:51:53.668  [SUCCESS]  UI обновлён. Замен: 4.

════════════════════════════════════════════════════════════
  AutoCensor  |  Сессия начата: 2026-04-23 11:52:15
════════════════════════════════════════════════════════════
11:52:15.876  [INFO   ]  MainForm: инициализация.
11:52:16.027  [INFO   ]  MainForm: готов.

════════════════════════════════════════════════════════════
  AutoCensor  |  Сессия начата: 2026-04-23 11:54:19
════════════════════════════════════════════════════════════
11:54:19.151  [INFO   ]  MainForm: инициализация.
11:54:19.277  [INFO   ]  MainForm: готов.

════════════════════════════════════════════════════════════
  AutoCensor  |  Сессия начата: 2026-04-23 11:55:39
════════════════════════════════════════════════════════════
11:55:39.319  [INFO   ]  MainForm: инициализация.
11:55:39.497  [INFO   ]  MainForm: готов.

════════════════════════════════════════════════════════════
  AutoCensor  |  Сессия начата: 2026-04-23 11:56:28
════════════════════════════════════════════════════════════
11:56:28.835  [INFO   ]  MainForm: инициализация.
11:56:28.999  [INFO   ]  MainForm: готов.

════════════════════════════════════════════════════════════
  AutoCensor  |  Сессия начата: 2026-04-23 11:56:54
════════════════════════════════════════════════════════════
11:56:54.753  [INFO   ]  MainForm: инициализация.
11:56:54.889  [INFO   ]  MainForm: готов.

════════════════════════════════════════════════════════════
  AutoCensor  |  Сессия начата: 2026-04-23 11:57:07
════════════════════════════════════════════════════════════
11:57:07.417  [INFO   ]  MainForm: инициализация.
11:57:07.529  [INFO   ]  MainForm: готов.

════════════════════════════════════════════════════════════
  AutoCensor  |  Сессия начата: 2026-04-23 11:57:20
════════════════════════════════════════════════════════════
11:57:20.038  [INFO   ]  MainForm: инициализация.
11:57:20.200  [INFO   ]  MainForm: готов.

════════════════════════════════════════════════════════════
  AutoCensor  |  Сессия начата: 2026-04-23 11:57:32
════════════════════════════════════════════════════════════
11:57:32.103  [INFO   ]  MainForm: инициализация.
11:57:32.252  [INFO   ]  MainForm: готов.

════════════════════════════════════════════════════════════
  AutoCensor  |  Сессия начата: 2026-04-23 11:57:42
════════════════════════════════════════════════════════════
11:57:42.457  [INFO   ]  MainForm: инициализация.
11:57:42.573  [INFO   ]  MainForm: готов.

════════════════════════════════════════════════════════════
  AutoCensor  |  Сессия начата: 2026-04-23 11:57:52
════════════════════════════════════════════════════════════
11:57:52.322  [INFO   ]  MainForm: инициализация.
11:57:52.477  [INFO   ]  MainForm: готов.

════════════════════════════════════════════════════════════
  AutoCensor  |  Сессия начата: 2026-04-23 11:58:01
════════════════════════════════════════════════════════════
11:58:01.698  [INFO   ]  MainForm: инициализация.
11:58:01.854  [INFO   ]  MainForm: готов.

════════════════════════════════════════════════════════════
  AutoCensor  |  Сессия начата: 2026-04-23 11:58:11
════════════════════════════════════════════════════════════
11:58:11.295  [INFO   ]  MainForm: инициализация.
11:58:11.449  [INFO   ]  MainForm: готов.

════════════════════════════════════════════════════════════
  AutoCensor  |  Сессия начата: 2026-04-23 11:58:19
════════════════════════════════════════════════════════════
11:58:19.390  [INFO   ]  MainForm: инициализация.
11:58:19.532  [INFO   ]  MainForm: готов.

════════════════════════════════════════════════════════════
  AutoCensor  |  Сессия начата: 2026-04-23 11:58:43
════════════════════════════════════════════════════════════
11:58:43.704  [INFO   ]  MainForm: инициализация.
11:58:43.859  [INFO   ]  MainForm: готов.

════════════════════════════════════════════════════════════
  AutoCensor  |  Сессия начата: 2026-04-23 11:58:54
════════════════════════════════════════════════════════════
11:58:54.293  [INFO   ]  MainForm: инициализация.
11:58:54.425  [INFO   ]  MainForm: готов.

════════════════════════════════════════════════════════════
  AutoCensor  |  Сессия начата: 2026-04-23 11:59:02
════════════════════════════════════════════════════════════
11:59:02.524  [INFO   ]  MainForm: инициализация.
11:59:02.682  [INFO   ]  MainForm: готов.

════════════════════════════════════════════════════════════
  AutoCensor  |  Сессия начата: 2026-04-23 11:59:44
════════════════════════════════════════════════════════════
11:59:44.465  [INFO   ]  MainForm: инициализация.
11:59:44.577  [INFO   ]  MainForm: готов.

════════════════════════════════════════════════════════════
  AutoCensor  |  Сессия начата: 2026-04-23 12:00:03
════════════════════════════════════════════════════════════
12:00:03.041  [INFO   ]  MainForm: инициализация.
12:00:03.195  [INFO   ]  MainForm: готов.

════════════════════════════════════════════════════════════
  AutoCensor  |  Сессия начата: 2026-04-23 12:00:14
════════════════════════════════════════════════════════════
12:00:14.051  [INFO   ]  MainForm: инициализация.
12:00:14.197  [INFO   ]  MainForm: готов.

════════════════════════════════════════════════════════════
  AutoCensor  |  Сессия начата: 2026-04-23 12:00:22
════════════════════════════════════════════════════════════
12:00:22.762  [INFO   ]  MainForm: инициализация.
12:00:22.884  [INFO   ]  MainForm: готов.

════════════════════════════════════════════════════════════
  AutoCensor  |  Сессия начата: 2026-04-23 12:00:32
════════════════════════════════════════════════════════════
12:00:32.024  [INFO   ]  MainForm: инициализация.
12:00:32.167  [INFO   ]  MainForm: готов.

════════════════════════════════════════════════════════════
  AutoCensor  |  Сессия начата: 2026-04-23 12:00:41
════════════════════════════════════════════════════════════
12:00:41.078  [INFO   ]  MainForm: инициализация.
12:00:41.251  [INFO   ]  MainForm: готов.

════════════════════════════════════════════════════════════
  AutoCensor  |  Сессия начата: 2026-04-23 12:00:49
════════════════════════════════════════════════════════════
12:00:49.174  [INFO   ]  MainForm: инициализация.
12:00:49.330  [INFO   ]  MainForm: готов.

════════════════════════════════════════════════════════════
  AutoCensor  |  Сессия начата: 2026-04-23 12:01:07
════════════════════════════════════════════════════════════
12:01:07.549  [INFO   ]  MainForm: инициализация.
12:01:07.696  [INFO   ]  MainForm: готов.

════════════════════════════════════════════════════════════
  AutoCensor  |  Сессия начата: 2026-04-23 12:01:17
════════════════════════════════════════════════════════════
12:01:17.833  [INFO   ]  MainForm: инициализация.
12:01:17.990  [INFO   ]  MainForm: готов.

════════════════════════════════════════════════════════════
  AutoCensor  |  Сессия начата: 2026-04-23 12:01:27
════════════════════════════════════════════════════════════
12:01:27.452  [INFO   ]  MainForm: инициализация.
12:01:27.572  [INFO   ]  MainForm: готов.
12:01:41.078  [INFO   ]  Drag-drop принят: C:\Users\Harry Potter\OneDrive\Desktop\оароав.txt
12:01:41.084  [INFO   ]  Чтение файла: C:\Users\Harry Potter\OneDrive\Desktop\оароав.txt
12:01:41.107  [INFO   ]  Файл прочитан. Длина: 52 символов.
12:01:47.568  [INFO   ]  Чтение файла: C:\Users\Harry Potter\OneDrive\Desktop\оароав.txt
12:01:47.612  [INFO   ]  Файл прочитан. Длина: 52 символов.
12:01:47.644  [INFO   ]  Цензура запущена. Слов в списке: 1. Длина текста: 52 символов.
12:01:47.703  [SUCCESS]  Цензура завершена. Замен: 4. Время: 0,06s.
12:01:47.705  [INFO   ]    [   4x]  «Как»
12:01:47.715  [SUCCESS]  UI обновлён. Замен: 4.

════════════════════════════════════════════════════════════
  AutoCensor  |  Сессия начата: 2026-04-23 12:03:19
════════════════════════════════════════════════════════════
12:03:19.653  [INFO   ]  MainForm: инициализация.
12:03:19.813  [INFO   ]  MainForm: готов.

════════════════════════════════════════════════════════════
  AutoCensor  |  Сессия начата: 2026-04-23 12:18:13
════════════════════════════════════════════════════════════
12:18:13.553  [INFO   ]  MainForm: инициализация.
12:18:13.677  [INFO   ]  MainForm: готов.

════════════════════════════════════════════════════════════
  AutoCensor  |  Сессия начата: 2026-04-23 12:19:23
════════════════════════════════════════════════════════════
12:19:23.552  [INFO   ]  MainForm: инициализация.
12:19:23.717  [INFO   ]  MainForm: готов.
12:19:30.150  [INFO   ]  Файл выбран через диалог: C:\Users\Harry Potter\OneDrive\Desktop\оароав.txt
12:19:30.153  [INFO   ]  Чтение файла: C:\Users\Harry Potter\OneDrive\Desktop\оароав.txt
12:19:30.173  [INFO   ]  Файл прочитан. Длина: 52 символов.

════════════════════════════════════════════════════════════
  AutoCensor  |  Сессия начата: 2026-04-23 12:19:57
════════════════════════════════════════════════════════════
12:19:57.504  [INFO   ]  MainForm: инициализация.
12:19:57.663  [INFO   ]  MainForm: готов.
12:20:02.405  [INFO   ]  Файл выбран через диалог: C:\Users\Harry Potter\OneDrive\Desktop\оароав.txt
12:20:02.408  [INFO   ]  Чтение файла: C:\Users\Harry Potter\OneDrive\Desktop\оароав.txt
12:20:02.423  [INFO   ]  Файл прочитан. Длина: 52 символов.

════════════════════════════════════════════════════════════
  AutoCensor  |  Сессия начата: 2026-04-23 12:21:09
════════════════════════════════════════════════════════════
12:21:09.717  [INFO   ]  MainForm: инициализация.
12:21:09.875  [INFO   ]  MainForm: готов.
12:21:16.172  [INFO   ]  Файл выбран через диалог: C:\Users\Harry Potter\OneDrive\Desktop\оароав.txt
12:21:16.176  [INFO   ]  Чтение файла: C:\Users\Harry Potter\OneDrive\Desktop\оароав.txt
12:21:16.192  [INFO   ]  Файл прочитан. Длина: 52 символов.
12:21:21.377  [INFO   ]  Чтение файла: C:\Users\Harry Potter\OneDrive\Desktop\оароав.txt
12:21:21.380  [INFO   ]  Файл прочитан. Длина: 52 символов.
12:21:21.408  [INFO   ]  Цензура запущена. Слов в списке: 1. Длина текста: 52 символов.
12:21:21.447  [SUCCESS]  Цензура завершена. Замен: 4. Время: 0,04s.
12:21:21.450  [INFO   ]    [   4x]  «Как»
12:21:21.460  [SUCCESS]  UI обновлён. Замен: 4.
12:21:32.795  [INFO   ]  Чтение файла: C:\Users\Harry Potter\OneDrive\Desktop\оароав.txt
12:21:32.799  [INFO   ]  Файл прочитан. Длина: 52 символов.
12:21:32.812  [INFO   ]  Цензура запущена. Слов в списке: 1. Длина текста: 52 символов.
12:21:32.820  [SUCCESS]  Цензура завершена. Замен: 4. Время: 0,01s.
12:21:32.820  [INFO   ]    [   4x]  «Как»
12:21:32.821  [SUCCESS]  UI обновлён. Замен: 4.

════════════════════════════════════════════════════════════
  AutoCensor  |  Сессия начата: 2026-04-23 12:22:24
════════════════════════════════════════════════════════════
12:22:24.822  [INFO   ]  MainForm: инициализация.
12:22:24.978  [INFO   ]  MainForm: готов.
12:22:29.784  [INFO   ]  Файл выбран через диалог: C:\Users\Harry Potter\OneDrive\Desktop\оароав.txt
12:22:29.788  [INFO   ]  Чтение файла: C:\Users\Harry Potter\OneDrive\Desktop\оароав.txt
12:22:29.806  [INFO   ]  Файл прочитан. Длина: 52 символов.
12:22:33.609  [INFO   ]  Чтение файла: C:\Users\Harry Potter\OneDrive\Desktop\оароав.txt
12:22:33.612  [INFO   ]  Файл прочитан. Длина: 52 символов.
12:22:33.645  [INFO   ]  Цензура запущена. Слов в списке: 1. Длина текста: 52 символов.
12:22:33.691  [SUCCESS]  Цензура завершена. Замен: 4. Время: 0,05s.
12:22:33.693  [INFO   ]    [   4x]  «Как»
12:22:33.704  [SUCCESS]  UI обновлён. Замен: 4.

════════════════════════════════════════════════════════════
  AutoCensor  |  Сессия начата: 2026-04-23 12:23:53
════════════════════════════════════════════════════════════
12:23:53.836  [INFO   ]  MainForm: инициализация.
12:23:53.964  [INFO   ]  MainForm: готов.
12:23:58.085  [INFO   ]  Файл выбран через диалог: C:\Users\Harry Potter\OneDrive\Desktop\оароав.txt
12:23:58.090  [INFO   ]  Чтение файла: C:\Users\Harry Potter\OneDrive\Desktop\оароав.txt
12:23:58.104  [INFO   ]  Файл прочитан. Длина: 52 символов.
12:24:02.139  [INFO   ]  Чтение файла: C:\Users\Harry Potter\OneDrive\Desktop\оароав.txt
12:24:02.141  [INFO   ]  Файл прочитан. Длина: 52 символов.
12:24:02.177  [INFO   ]  Цензура запущена. Слов в списке: 1. Длина текста: 52 символов.
12:24:02.223  [SUCCESS]  Цензура завершена. Замен: 4. Время: 0,05s.
12:24:02.226  [INFO   ]    [   4x]  «Как»
12:24:02.235  [SUCCESS]  UI обновлён. Замен: 4.
